
[An error expected at this place for the query "remove(ABRTEST)". And it failed with error code = scidb::SCIDB_SE_QPROC::SCIDB_LE_ARRAY_DOESNT_EXIST long code = 20. Expected long code = 20.]

