SCIDB QUERY : <create temp array A <a:int32 default 10> [x=0:2,3,0]>
Query was executed successfully

SCIDB QUERY : <select * into A from build(A,x+9)>
{x} a
{0} 9
{1} 10
{2} 11

SCIDB QUERY : <update A set a = a + 1>
{x} a
{0} 10
{1} 11
{2} 12

SCIDB QUERY : <select * into A from filter(build(A,x+12),x<>1)>
{x} a
{0} 12
{2} 14

SCIDB QUERY : <update A set a = a + 1>
{x} a
{0} 13
{2} 15

SCIDB QUERY : <update A set a = a + 20>
{x} a
{0} 33
{2} 35

SCIDB QUERY : <update A set a = a - 21>
{x} a
{0} 12
{2} 14

SCIDB QUERY : <update A set a = 10>
{x} a
{0} 10
{2} 10

SCIDB QUERY : <select a from A>
{x} a
{0} 10
{2} 10

SCIDB QUERY : <select a + 0 from A>
{x} expr
{0} 10
{2} 10

SCIDB QUERY : <update A set a = a * 1>
{x} a
{0} 10
{2} 10

SCIDB QUERY : <update A set a = a / 1>
{x} a
{0} 10
{2} 10

SCIDB QUERY : <update A set a = a * 10>
{x} a
{0} 100
{2} 100

SCIDB QUERY : <update A set a = a / 10>
{x} a
{0} 10
{2} 10

SCIDB QUERY : <update A set a = a / 2>
{x} a
{0} 5
{2} 5

SCIDB QUERY : <select * into A from build(A,x+9)>
{x} a
{0} 9
{1} 10
{2} 11

SCIDB QUERY : <remove(A)>
Query was executed successfully

