Query was executed successfully

{x,y} a,b
{1,1} 2,4
{1,2} 6,8
{1,3} 10,12
{1,4} 14,16
{1,5} 18,20
{2,1} 22,24
{2,2} 26,28
{2,3} 30,32
{2,4} 34,36
{2,5} 38,40
{3,1} 42,44
{3,2} 46,48
{3,3} 50,52
{3,4} 54,56
{3,5} 58,60
{4,1} 62,64
{4,2} 66,68
{4,3} 70,72
{4,4} 74,76
{4,5} 78,80
{5,1} 82,84
{5,2} 86,88
{5,3} 90,92
{5,4} 94,96
{5,5} 98,100

{x,y} a,b,a2
{1,1} 2,4,-16
{1,2} 6,8,-52
{1,3} 10,12,-88
{1,4} 14,16,-124
{1,5} 18,20,-160
{2,1} 22,24,-196
{2,2} 26,28,-232
{2,3} 30,32,-268
{2,4} 34,36,-304
{2,5} 38,40,-340
{3,1} 42,44,-376
{3,2} 46,48,-412
{3,3} 50,52,-448
{3,4} 54,56,-484
{3,5} 58,60,-520
{4,1} 62,64,-556
{4,2} 66,68,-592
{4,3} 70,72,-628
{4,4} 74,76,-664
{4,5} 78,80,-700
{5,1} 82,84,-736
{5,2} 86,88,-772
{5,3} 90,92,-808
{5,4} 94,96,-844
{5,5} 98,100,-880

Query was executed successfully

