Query was executed successfully

{x,y} a,b
{1,1} 2,4
{1,2} 6,8
{1,3} 10,12
{1,4} 14,16
{1,5} 18,20
{2,1} 22,24
{2,2} 26,28
{2,3} 30,32
{2,4} 34,36
{2,5} 38,40
{3,1} 42,44
{3,2} 46,48
{3,3} 50,52
{3,4} 54,56
{3,5} 58,60
{4,1} 62,64
{4,2} 66,68
{4,3} 70,72
{4,4} 74,76
{4,5} 78,80
{5,1} 82,84
{5,2} 86,88
{5,3} 90,92
{5,4} 94,96
{5,5} 98,100

{x,y} a,b,a2
{1,1} 2,4,-2
{1,2} 6,8,2
{1,3} 10,12,6
{1,4} 14,16,10
{1,5} 18,20,14
{2,1} 22,24,18
{2,2} 26,28,22
{2,3} 30,32,26
{2,4} 34,36,30
{2,5} 38,40,34
{3,1} 42,44,38
{3,2} 46,48,42
{3,3} 50,52,46
{3,4} 54,56,50
{3,5} 58,60,54
{4,1} 62,64,58
{4,2} 66,68,62
{4,3} 70,72,66
{4,4} 74,76,70
{4,5} 78,80,74
{5,1} 82,84,78
{5,2} 86,88,82
{5,3} 90,92,86
{5,4} 94,96,90
{5,5} 98,100,94

Query was executed successfully

