Query was executed successfully

{x,y} a,b
{1,1} 2,4
{1,2} 6,8
{1,3} 10,12
{1,4} 14,16
{1,5} 18,20
{2,1} 22,24
{2,2} 26,28
{2,3} 30,32
{2,4} 34,36
{2,5} 38,40
{3,1} 42,44
{3,2} 46,48
{3,3} 50,52
{3,4} 54,56
{3,5} 58,60
{4,1} 62,64
{4,2} 66,68
{4,3} 70,72
{4,4} 74,76
{4,5} 78,80
{5,1} 82,84
{5,2} 86,88
{5,3} 90,92
{5,4} 94,96
{5,5} 98,100

{x,y} a,b,a2
{1,1} 2,4,4
{1,2} 6,8,24
{1,3} 10,12,44
{1,4} 14,16,64
{1,5} 18,20,84
{2,1} 22,24,104
{2,2} 26,28,124
{2,3} 30,32,144
{2,4} 34,36,164
{2,5} 38,40,184
{3,1} 42,44,204
{3,2} 46,48,224
{3,3} 50,52,244
{3,4} 54,56,264
{3,5} 58,60,284
{4,1} 62,64,304
{4,2} 66,68,324
{4,3} 70,72,344
{4,4} 74,76,364
{4,5} 78,80,384
{5,1} 82,84,404
{5,2} 86,88,424
{5,3} 90,92,444
{5,4} 94,96,464
{5,5} 98,100,484

Query was executed successfully

