Query was executed successfully

{x,y} a,b
{1,1} 2,4
{1,2} 6,8
{1,3} 10,12
{1,4} 14,16
{1,5} 18,20
{2,1} 22,24
{2,2} 26,28
{2,3} 30,32
{2,4} 34,36
{2,5} 38,40
{3,1} 42,44
{3,2} 46,48
{3,3} 50,52
{3,4} 54,56
{3,5} 58,60
{4,1} 62,64
{4,2} 66,68
{4,3} 70,72
{4,4} 74,76
{4,5} 78,80
{5,1} 82,84
{5,2} 86,88
{5,3} 90,92
{5,4} 94,96
{5,5} 98,100

{x,y} a,b,a2
{1,1} 2,4,322
{1,2} 6,8,11806
{1,3} 10,12,74394
{1,4} 14,16,197558
{1,5} 18,20,544306
{2,1} 22,24,1161582
{2,2} 26,28,2290266
{2,3} 30,32,4089574
{2,4} 34,36,5951058
{2,5} 38,40,9472606
{3,1} 42,44,13970842
{3,2} 46,48,20415126
{3,3} 50,52,28859954
{3,4} 54,56,36414958
{3,5} 58,60,49248906
{4,1} 62,64,63964102
{4,2} 66,68,83234386
{4,3} 70,72,106545534
{4,4} 74,76,126101258
{4,5} 78,80,157697206
{5,1} 82,84,192037362
{5,2} 86,88,234956046
{5,3} 90,92,284666314
{5,4} 94,96,324881958
{5,5} 98,100,388001506

Query was executed successfully

