Query was executed successfully

{x} a
{0} 1
{1} 2
{2} 3

{x} a
{0} 2
{1} 3
{2} 4

Query was executed successfully

{y} c
{0} 10
{1} 11
{2} 12

{x} a,a
{0} 1,2
{1} 2,3
{2} 3,4

{x} a,c
{0} 1,10
{1} 2,11
{2} 3,12

Query was executed successfully

Query was executed successfully

Query was executed successfully

