SCIDB QUERY : <create array A <a:int64> [x=0:2,3,0]>
Query was executed successfully

SCIDB QUERY : <create array B <x:int64> [a=0:14,3,0]>
Query was executed successfully

SCIDB QUERY : <create array D <a:int64> [x=0:2,3,0]>
Query was executed successfully

SCIDB QUERY : <store(build(A,x+10),A)>
{x} a
{0} 10
{1} 11
{2} 12

SCIDB QUERY : <store(filter(build(D,x+5),x<>1),D)>
{x} a
{0} 5
{2} 7

SCIDB QUERY : <redimension(A,B)>
{a} x
{10} 0
{11} 1
{12} 2

SCIDB QUERY : <redimension(D,B)>
{a} x
{5} 0
{7} 2

SCIDB QUERY : <store(redimension(A,B),B)>
{a} x
{10} 0
{11} 1
{12} 2

SCIDB QUERY : <store(redimension(A,B),C)>
{a} x
{10} 0
{11} 1
{12} 2

SCIDB QUERY : <scan(B)>
{a} x
{10} 0
{11} 1
{12} 2

SCIDB QUERY : <unpack(B,row)>
{row} a,x
{0} 10,0
{1} 11,1
{2} 12,2

SCIDB QUERY : <unpack(C,row)>
{row} a,x
{0} 10,0
{1} 11,1
{2} 12,2

SCIDB QUERY : <unpack(redimension(B,D),row)>
{row} x,a
{0} 0,10
{1} 1,11
{2} 2,12

SCIDB QUERY : <unpack(redimension(D,B),row)>
{row} a,x
{0} 5,0
{1} 7,2

SCIDB QUERY : <aggregate(B,max(x))>
{i} x_max
{0} 2

SCIDB QUERY : <aggregate(B,min(x))>
{i} x_min
{0} 0

SCIDB QUERY : <aggregate(B,avg(x))>
{i} x_avg
{0} 1

SCIDB QUERY : <rename(B,B1)>
Query was executed successfully

SCIDB QUERY : <rename(B1,B)>
Query was executed successfully

SCIDB QUERY : <subarray(B,10,11)>
{a} x
{0} 0
{1} 1

SCIDB QUERY : <between(B,11,20)>
{a} x
{11} 1
{12} 2

SCIDB QUERY : <filter(B,x>1)>
{a} x
{12} 2

SCIDB QUERY : <project(B,x)>
{a} x
{10} 0
{11} 1
{12} 2

SCIDB QUERY : <join(B,B)>
{a} x,x
{10} 0,0
{11} 1,1
{12} 2,2

SCIDB QUERY : <cross_join(B,B)>
{a,a} x,x
{10,10} 0,0
{10,11} 0,1
{11,10} 1,0
{11,11} 1,1
{10,12} 0,2
{11,12} 1,2
{12,10} 2,0
{12,11} 2,1
{12,12} 2,2

SCIDB QUERY : <apply(B,z,x-a)>
{a} x,z
{10} 0,-10
{11} 1,-10
{12} 2,-10

SCIDB QUERY : <aggregate(B,count(*))>
{i} count
{0} 3

SCIDB QUERY : <aggregate(B,sum(x))>
{i} x_sum
{0} 3

SCIDB QUERY : <sort(B,x)>
{n} x
{0} 0
{1} 1
{2} 2

SCIDB QUERY : <sort(B,x desc)>
{n} x
{0} 2
{1} 1
{2} 0

SCIDB QUERY : <aggregate(C,max(x))>
{i} x_max
{0} 2

SCIDB QUERY : <aggregate(C,min(x))>
{i} x_min
{0} 0

SCIDB QUERY : <aggregate(C,avg(x))>
{i} x_avg
{0} 1

SCIDB QUERY : <rename(C,C1)>
Query was executed successfully

SCIDB QUERY : <rename(C1,C)>
Query was executed successfully

SCIDB QUERY : <subarray(C,10,11)>
{a} x
{0} 0
{1} 1

SCIDB QUERY : <between(C,11,20)>
{a} x
{11} 1
{12} 2

SCIDB QUERY : <filter(C,x>1)>
{a} x
{12} 2

SCIDB QUERY : <project(C,x)>
{a} x
{10} 0
{11} 1
{12} 2

SCIDB QUERY : <join(C,C)>
{a} x,x
{10} 0,0
{11} 1,1
{12} 2,2

SCIDB QUERY : <cross_join(C,C)>
{a,a} x,x
{10,10} 0,0
{10,11} 0,1
{11,10} 1,0
{11,11} 1,1
{10,12} 0,2
{11,12} 1,2
{12,10} 2,0
{12,11} 2,1
{12,12} 2,2

SCIDB QUERY : <apply(C,z,x-a)>
{a} x,z
{10} 0,-10
{11} 1,-10
{12} 2,-10

SCIDB QUERY : <aggregate(C,count(*))>
{i} count
{0} 3

SCIDB QUERY : <aggregate(C,sum(x))>
{i} x_sum
{0} 3

SCIDB QUERY : <sort(C,x)>
{n} x
{0} 0
{1} 1
{2} 2

SCIDB QUERY : <sort(C,x desc)>
{n} x
{0} 2
{1} 1
{2} 0

SCIDB QUERY : <remove(A)>
Query was executed successfully

SCIDB QUERY : <remove(B)>
Query was executed successfully

SCIDB QUERY : <remove(C)>
Query was executed successfully

SCIDB QUERY : <remove(D)>
Query was executed successfully

