SCIDB QUERY : <create array A <a:int32 null> [x=-2:8,5,0]>
Query was executed successfully

SCIDB QUERY : <store(build(A,x+10),A)>
{x} a
{-2} 8
{-1} 9
{0} 10
{1} 11
{2} 12
{3} 13
{4} 14
{5} 15
{6} 16
{7} 17
{8} 18

SCIDB QUERY : <update A set a=null where x=1>
{x} a
{-2} 8
{-1} 9
{0} 10
{1} null
{2} 12
{3} 13
{4} 14
{5} 15
{6} 16
{7} 17
{8} 18

SCIDB QUERY : <store(build(A,x-2),A)>
{x} a
{-2} -4
{-1} -3
{0} -2
{1} -1
{2} 0
{3} 1
{4} 2
{5} 3
{6} 4
{7} 5
{8} 6

SCIDB QUERY : <update A set a=null where x=1>
{x} a
{-2} -4
{-1} -3
{0} -2
{1} null
{2} 0
{3} 1
{4} 2
{5} 3
{6} 4
{7} 5
{8} 6

SCIDB QUERY : <window(A,8,9,sum(a),max(a))>
{x} a_sum,a_max
{-2} 6,5
{-1} 12,6
{0} 12,6
{1} 12,6
{2} 12,6
{3} 12,6
{4} 12,6
{5} 12,6
{6} 12,6
{7} 16,6
{8} 19,6

SCIDB QUERY : <window(A,1,1,max(a),var(a),stdev(a),count(a),sum(a),min(a))>
{x} a_max,a_var,a_stdev,a_count,a_sum,a_min
{-2} -3,0.5,0.707107,2,-7,-4
{-1} -2,1,1,3,-9,-4
{0} -2,0.5,0.707107,2,-5,-3
{1} 0,2,1.41421,2,-2,-2
{2} 1,0.5,0.707107,2,1,0
{3} 2,1,1,3,3,0
{4} 3,1,1,3,6,1
{5} 4,1,1,3,9,2
{6} 5,1,1,3,12,3
{7} 6,1,1,3,15,4
{8} 6,0.5,0.707107,2,11,5

SCIDB QUERY : <window(A,1,2,min(a),count(*))>
{x} a_min,count
{-2} -4,3
{-1} -4,4
{0} -3,4
{1} -2,4
{2} 0,4
{3} 0,4
{4} 1,4
{5} 2,4
{6} 3,4
{7} 4,3
{8} 5,2

SCIDB QUERY : <window(A,0,1,count(a),count(*))>
{x} a_count,count
{-2} 2,2
{-1} 2,2
{0} 1,2
{1} 1,2
{2} 2,2
{3} 2,2
{4} 2,2
{5} 2,2
{6} 2,2
{7} 2,2
{8} 1,1

SCIDB QUERY : <window(A,1,1,count(*),sum(a))>
{x} count,a_sum
{-2} 2,-7
{-1} 3,-9
{0} 3,-5
{1} 3,-2
{2} 3,1
{3} 3,3
{4} 3,6
{5} 3,9
{6} 3,12
{7} 3,15
{8} 2,11

SCIDB QUERY : <window(A,2,2,stdev(a),avg(a))>
{x} a_stdev,a_avg
{-2} 1,-3
{-1} 1,-3
{0} 1.70783,-2.25
{1} 1.82574,-1
{2} 1.70783,0.25
{3} 1.29099,1.5
{4} 1.58114,2
{5} 1.58114,3
{6} 1.58114,4
{7} 1.29099,4.5
{8} 1,5

SCIDB QUERY : <window(A,4,4,var(a),stdev(a))>
{x} a_var,a_stdev
{-2} 2.91667,1.70783
{-1} 4.3,2.07364
{0} 5.6,2.36643
{1} 6.95238,2.63674
{2} 8.41071,2.90012
{3} 7.92857,2.81577
{4} 7.125,2.66927
{5} 4.66667,2.16025
{6} 4.66667,2.16025
{7} 3.5,1.87083
{8} 2.5,1.58114

SCIDB QUERY : <remove(A)>
Query was executed successfully

