[Query was executed successfully, ignoring data output by this query.]

[Query was executed successfully, ignoring data output by this query.]

{i} count
{0} 0

{i} count
{0} 1000

{i} count
{0} 0

{i} count
{0} 1048576


Query was executed successfully

Query was executed successfully

