Query was executed successfully

Query was executed successfully

Query was executed successfully

Query was executed successfully

Query was executed successfully

{i,j} x
{0,0} 0
{0,1} 0
{0,2} 0
{1,0} 1
{1,1} 1
{1,2} 1
{2,0} 2
{2,1} 2
{2,2} 2

{i,j} x
{0,0} 1
{0,1} 2
{0,2} 3
{1,0} 2
{1,1} 3
{1,2} 4

{i} var,var1
{0} '0z',1
{1} '1z',2
{2} '2z',3
{3} '3z',4
{4} '4z',5

{i,j} var,var1
{0,0} '00',1
{0,1} '01',2
{0,2} '02',3
{1,0} '10',2
{1,1} '11',3
{1,2} '12',4
{2,0} '20',3
{2,1} '21',4
{2,2} '22',5

{i,j} var,var1
{0,0} '00',1
{1,0} '10',2
{2,0} '20',3
{0,1} '01',2
{1,1} '11',3
{2,1} '21',4
{0,2} '02',3
{1,2} '12',4
{2,2} '22',5

{j,i} x
{0,0} 0
{0,1} 1
{0,2} 2
{1,0} 0
{1,1} 1
{1,2} 2
{2,0} 0
{2,1} 1
{2,2} 2

{j,i} x
{0,0} 1
{0,1} 2
{1,0} 2
{1,1} 3
{2,0} 3
{2,1} 4

{i} var,var1
{0} '0z',1
{1} '1z',2
{2} '2z',3
{3} '3z',4
{4} '4z',5

{j,i} var,var1
{0,0} '00',1
{0,1} '10',2
{0,2} '20',3
{1,0} '01',2
{1,1} '11',3
{1,2} '21',4
{2,0} '02',3
{2,1} '12',4
{2,2} '22',5

{j,i} var,var1
{0,0} '00',1
{0,1} '10',2
{0,2} '20',3
{1,0} '01',2
{1,1} '11',3
{1,2} '21',4
{2,0} '02',3
{2,1} '12',4
{2,2} '22',5

Query was executed successfully

Query was executed successfully

Query was executed successfully

Query was executed successfully

Query was executed successfully

