Query was executed successfully

{i} a,b
{0} 1,1
{1} 1,2
{2} 1,3
{3} 2,1
{4} 2,2
{5} 2,3
{6} 3,1
{7} 3,2
{8} 3,3

{i,i} a,b,a,b
{0,1} 1,1,1,2
{1,1} 1,2,1,2
{2,1} 1,3,1,2
{3,1} 2,1,1,2
{4,1} 2,2,1,2
{5,1} 2,3,1,2
{6,1} 3,1,1,2
{7,1} 3,2,1,2
{8,1} 3,3,1,2

Query was executed successfully

