Query was executed successfully

{A} b
{1} 2
{2} 3
{3} 4
{4} 5
{5} 6

{A} sum
{1} 1
{2} 2
{3} 3
{4} 4
{5} 5

Query was executed successfully

