Query was executed successfully

Query was executed successfully

{x} a
{0} 1
{1} 2
{2} 3

{x} a
{0} 10
{1} 11
{2} 12

{x} a
{0} 100
{1} 101
{2} 102

{x} a
{0} 11
{1} 12
{2} 13

{x} a
{0} 150
{1} 151
{2} 152

{x,x} a,a
{0,0} 11,10
{0,1} 11,11
{0,2} 11,12
{1,0} 12,10
{1,1} 12,11
{1,2} 12,12
{2,0} 13,10
{2,1} 13,11
{2,2} 13,12

{x,x} a,a
{0,0} 11,150
{0,1} 11,151
{0,2} 11,152
{1,0} 12,150
{1,1} 12,151
{1,2} 12,152
{2,0} 13,150
{2,1} 13,151
{2,2} 13,152

{x,x_2} a,a_2
{0,0} 11,11
{0,1} 11,12
{0,2} 11,13
{1,0} 12,11
{1,1} 12,12
{1,2} 12,13
{2,0} 13,11
{2,1} 13,12
{2,2} 13,13

Query was executed successfully

Query was executed successfully

Query was executed successfully

Query was executed successfully

