{i} count
{0} 1

{i} count
{0} 0

{i} COUNT
{0} 1

