Query was executed successfully

{i} a,b
{1} 1,5
{2} 3,2
{3} 2,8
{4} 9,4
{5} 2,1
{6} 5,7
{7} 3,5
{8} 7,6
{9} 2,1
{10} 5,5

{i} a,b
{1} 1,5
{2} 3,2
{3} 2,8
{4} 9,4
{5} 2,1
{6} 5,7
{7} 3,5
{8} 7,6
{9} 2,1
{10} 5,5

Query was executed successfully

