Query was executed successfully

{x,y} a
{0,0} 1
{2,0} 3
{4,0} 5
{6,0} 7
{8,0} 9

{x,y} a
{6,0} 7
{8,0} 9

Query was executed successfully

